
[2026-02-14T15:53:22.712Z] REFILL_RIG_ENERGY_ERROR: Cast to ObjectId failed for value "undefined" (type string) at path "_id" for model "Rig"
CastError: Cast to ObjectId failed for value "undefined" (type string) at path "_id" for model "Rig"
    at SchemaObjectId.cast (D:\AI\gold-rush\backend\node_modules\mongoose\lib\schema\objectId.js:253:11)
    at SchemaObjectId.SchemaType.applySetters (D:\AI\gold-rush\backend\node_modules\mongoose\lib\schemaType.js:1288:12)
    at SchemaObjectId.SchemaType.castForQuery (D:\AI\gold-rush\backend\node_modules\mongoose\lib\schemaType.js:1724:17)
    at cast (D:\AI\gold-rush\backend\node_modules\mongoose\lib\cast.js:390:32)
    at model.Query.Query.cast (D:\AI\gold-rush\backend\node_modules\mongoose\lib\query.js:5060:12)
    at model.Query.Query._castConditions (D:\AI\gold-rush\backend\node_modules\mongoose\lib\query.js:2374:10)
    at model.Query._findOne (D:\AI\gold-rush\backend\node_modules\mongoose\lib\query.js:2697:8)
    at model.Query.exec (D:\AI\gold-rush\backend\node_modules\mongoose\lib\query.js:4627:80)
    at processTicksAndRejections (node:internal/process/task_queues:103:5)
    at refillRigEnergy (D:\AI\gold-rush\backend\src\controllers\rigController.ts:409:21)
